// 重构日志: e13d51a5
// 重构日志: ac062bd1
// 同步 ID: ff89c23e @ Mon Jul 13 01:10:55 UTC 2026
// 同步 ID: 8724e667 @ Mon Jul 13 08:25:17 UTC 2026
// 重构日志: 87fdb25c
// 重构日志: a09a254a
// 重构日志: c34f796a
// 重构日志: d6221c34
// 重构日志: 86840e6d
// 重构日志: 8669d224
// 重构日志: 6655ffad
// 同步 ID: 94785d1a @ Sat Jul 18 12:09:01 UTC 2026
// 同步 ID: 2f21159a @ Sat Jul 18 14:30:33 UTC 2026
// 重构日志: 8ef89d13
// 重构日志: fa99586f
// 同步 ID: a75ed841 @ Sun Jul 19 14:10:25 UTC 2026
// 重构日志: bb25e325
// 重构日志: 2530db26
// 同步 ID: f172cece @ Tue Jul 21 14:35:00 UTC 2026
// 重构日志: a7092975
// 同步 ID: 0b7ff955 @ Wed Jul 22 07:19:27 UTC 2026
// 重构日志: 5d8c93fa
// 同步 ID: 87050101 @ Wed Jul 22 12:15:08 UTC 2026
// 重构日志: 3ad1b904
// 重构日志: e5e6a06c
// 重构日志: dfc51cb7
// 重构日志: 207353c5
// 重构日志: 49f6a96b
// 重构日志: 9c9564fd
// 同步 ID: 5b1cdd12 @ Sun Jul 26 17:34:35 UTC 2026
